// Jest Snapshot v1, https://goo.gl/fbAQLP

exports[`BookDetailsComponent should display book details 1`] = `
<app-book-details
  booksService={[Function BooksService]}
  renderer={[Function DebugRenderer2]}
  route={[Function ActivatedRoute]}
  router={[Function Router]}
>
  <div
    class="details"
  >
    <img
      height="200"
      width="200"
    />
    <ul>
      <li>
         Author: 
      </li>
      <li>
         Name: 
      </li>
      <li>
         Number of pages: 
      </li>
      <li>
         Published year: 
      </li>
      <li>
        <div
          class="input-group"
        >
           Quantity: 
          <input
            class="form-control"
            type="number"
          />
          <div
            class="input-group-append"
          >
            <button
              class="btn btn-secondary"
            >
              Save
            </button>
          </div>
        </div>
      </li>
    </ul>
    <button
      class="btn btn-secondary"
    >
      Close
    </button>
  </div>
</app-book-details>
`;
